// Jest Snapshot v1, https://goo.gl/fbAQLP

exports[`ReviewList  tests renders correctly 1`] = `
<div>
  <div
    class="review-list-container"
  >
    <div
      class="review-wrapper"
    >
      <div
        class="review-user"
      >
        <span
          class="avatar-wrapper"
        >
          <img
            alt="user"
            class="avatar"
            src="user.png"
          />
        </span>
        <span
          class="review-username"
        >
          Jack
        </span>
        <span
          class="review-rating"
        >
          <img
            alt="star"
            class="rating-star-icon"
            src="star.png"
          />
        </span>
        <span>
          6
        </span>
        <span>
          <a
            class="review-link"
            href="/movie/p2636551330"
          >
            <img
              alt="movie-icon"
              src="movie.png"
            />
            <span>
              Nobody
            </span>
          </a>
        </span>
        <span
          class="review-date"
        >
          2021-1-1
        </span>
      </div>
      <div
        class="review-main-wrapper"
      >
        <h2
          class="review-title"
        >
          For Me, This Is The Definitive Film
        </h2>
        <div
          class="review-content"
        >
          This is not just a beautifully crafted gangster film. Or an outstanding family portrait, for that ma ...
          <button
            class="review-fold"
          >
            UNFOLD
          </button>
        </div>
      </div>
    </div>
    <div
      class="review-wrapper"
    >
      <div
        class="review-user"
      >
        <span
          class="avatar-wrapper"
        >
          <img
            alt="user"
            class="avatar"
            src="user.png"
          />
        </span>
        <span
          class="review-username"
        >
          Jack
        </span>
        <span
          class="review-rating"
        >
          <img
            alt="star"
            class="rating-star-icon"
            src="star.png"
          />
        </span>
        <span>
          6
        </span>
        <span>
          <a
            class="review-link"
            href="/movie/p2636551330"
          >
            <img
              alt="movie-icon"
              src="movie.png"
            />
            <span>
              Nobody
            </span>
          </a>
        </span>
        <span
          class="review-date"
        >
          2021-1-1
        </span>
      </div>
      <div
        class="review-main-wrapper"
      >
        <h2
          class="review-title"
        >
          An offer so good, I could not refuse
        </h2>
        <div
          class="review-content"
        >
          It is now past 1 PM and I just finished watching Francis Ford Coppolas "The Godfather". I should pro ...
          <button
            class="review-fold"
          >
            UNFOLD
          </button>
        </div>
      </div>
    </div>
    <div
      class="review-wrapper"
    >
      <div
        class="review-user"
      >
        <span
          class="avatar-wrapper"
        >
          <img
            alt="user"
            class="avatar"
            src="user.png"
          />
        </span>
        <span
          class="review-username"
        >
          Jack
        </span>
        <span
          class="review-rating"
        >
          <img
            alt="star"
            class="rating-star-icon"
            src="star.png"
          />
        </span>
        <span>
          6
        </span>
        <span>
          <a
            class="review-link"
            href="/movie/p2636551330"
          >
            <img
              alt="movie-icon"
              src="movie.png"
            />
            <span>
              Nobody
            </span>
          </a>
        </span>
        <span
          class="review-date"
        >
          2021-1-1
        </span>
      </div>
      <div
        class="review-main-wrapper"
      >
        <h2
          class="review-title"
        >
          For Me, This Is The Definitive Film
        </h2>
        <div
          class="review-content"
        >
          This is not just a beautifully crafted gangster film. Or an outstanding family portrait, for that ma ...
          <button
            class="review-fold"
          >
            UNFOLD
          </button>
        </div>
      </div>
    </div>
    <div
      class="review-wrapper"
    >
      <div
        class="review-user"
      >
        <span
          class="avatar-wrapper"
        >
          <img
            alt="user"
            class="avatar"
            src="user.png"
          />
        </span>
        <span
          class="review-username"
        >
          Jack
        </span>
        <span
          class="review-rating"
        >
          <img
            alt="star"
            class="rating-star-icon"
            src="star.png"
          />
        </span>
        <span>
          6
        </span>
        <span>
          <a
            class="review-link"
            href="/movie/p2636551330"
          >
            <img
              alt="movie-icon"
              src="movie.png"
            />
            <span>
              Nobody
            </span>
          </a>
        </span>
        <span
          class="review-date"
        >
          2021-1-1
        </span>
      </div>
      <div
        class="review-main-wrapper"
      >
        <h2
          class="review-title"
        >
          For Me, This Is The Definitive Film
        </h2>
        <div
          class="review-content"
        >
          This is not just a beautifully crafted gangster film. Or an outstanding family portrait, for that ma ...
          <button
            class="review-fold"
          >
            UNFOLD
          </button>
        </div>
      </div>
    </div>
    <div
      class="review-wrapper"
    >
      <div
        class="review-user"
      >
        <span
          class="avatar-wrapper"
        >
          <img
            alt="user"
            class="avatar"
            src="user.png"
          />
        </span>
        <span
          class="review-username"
        >
          Jack
        </span>
        <span
          class="review-rating"
        >
          <img
            alt="star"
            class="rating-star-icon"
            src="star.png"
          />
        </span>
        <span>
          6
        </span>
        <span>
          <a
            class="review-link"
            href="/movie/p2636551330"
          >
            <img
              alt="movie-icon"
              src="movie.png"
            />
            <span>
              Nobody
            </span>
          </a>
        </span>
        <span
          class="review-date"
        >
          2021-1-1
        </span>
      </div>
      <div
        class="review-main-wrapper"
      >
        <h2
          class="review-title"
        >
          For Me, This Is The Definitive Film
        </h2>
        <div
          class="review-content"
        >
          This is not just a beautifully crafted gangster film. Or an outstanding family portrait, for that ma ...
          <button
            class="review-fold"
          >
            UNFOLD
          </button>
        </div>
      </div>
    </div>
  </div>
</div>
`;
