// Jest Snapshot v1, https://goo.gl/fbAQLP

exports[`Movie List box tests renders correctly 1`] = `
<div>
  <div
    class="movie-list-box-container"
  >
    <p
      class="movie-list-box-title"
    >
      test title
    </p>
    <div
      class="snippet-list-wrapper"
    >
      <div
        class="movie-snippet-container"
      >
        <div
          class="cover-wrapper"
        >
          <img
            alt="movie-cover"
            id="p2636551330"
            src="http://localhost:5000/images/poster/p2636551330.jpeg"
          />
        </div>
        <p
          class="movie-snippet-info"
        >
          <span>
            <img
              alt="new-movie"
              class="new"
              src="new-icon.png"
            />
          </span>
          <span>
            nobody
          </span>
          <span
            class="rating"
          >
            7
          </span>
        </p>
      </div>
      <div
        class="movie-snippet-container"
      >
        <div
          class="cover-wrapper"
        >
          <img
            alt="movie-cover"
            id="2b72a4da-80ba-4b58-9459-4273f9089d2e"
            src="http://localhost:5000/images/poster/2b72a4da-80ba-4b58-9459-4273f9089d2e.jpg"
          />
        </div>
        <p
          class="movie-snippet-info"
        >
          <span>
            The Godfather
          </span>
          <span
            class="rating"
          >
            9.2
          </span>
        </p>
      </div>
      <div
        class="movie-snippet-container"
      >
        <div
          class="cover-wrapper"
        >
          <img
            alt="movie-cover"
            id="p2636551330"
            src="http://localhost:5000/images/poster/p2636551330.jpeg"
          />
        </div>
        <p
          class="movie-snippet-info"
        >
          <span>
            <img
              alt="new-movie"
              class="new"
              src="new-icon.png"
            />
          </span>
          <span>
            nobody
          </span>
          <span
            class="rating"
          >
            7
          </span>
        </p>
      </div>
      <div
        class="movie-snippet-container"
      >
        <div
          class="cover-wrapper"
        >
          <img
            alt="movie-cover"
            id="p2636551330"
            src="http://localhost:5000/images/poster/p2636551330.jpeg"
          />
        </div>
        <p
          class="movie-snippet-info"
        >
          <span>
            <img
              alt="new-movie"
              class="new"
              src="new-icon.png"
            />
          </span>
          <span>
            nobody
          </span>
          <span
            class="rating"
          >
            7
          </span>
        </p>
      </div>
      <div
        class="movie-snippet-container"
      >
        <div
          class="cover-wrapper"
        >
          <img
            alt="movie-cover"
            id="p2636551330"
            src="http://localhost:5000/images/poster/p2636551330.jpeg"
          />
        </div>
        <p
          class="movie-snippet-info"
        >
          <span>
            <img
              alt="new-movie"
              class="new"
              src="new-icon.png"
            />
          </span>
          <span>
            nobody
          </span>
          <span
            class="rating"
          >
            7
          </span>
        </p>
      </div>
      <div
        class="movie-snippet-container"
      >
        <div
          class="cover-wrapper"
        >
          <img
            alt="movie-cover"
            id="p2636551330"
            src="http://localhost:5000/images/poster/p2636551330.jpeg"
          />
        </div>
        <p
          class="movie-snippet-info"
        >
          <span>
            <img
              alt="new-movie"
              class="new"
              src="new-icon.png"
            />
          </span>
          <span>
            nobody
          </span>
          <span
            class="rating"
          >
            7
          </span>
        </p>
      </div>
      <div
        class="movie-snippet-container"
      >
        <div
          class="cover-wrapper"
        >
          <img
            alt="movie-cover"
            id="p2636551330"
            src="http://localhost:5000/images/poster/p2636551330.jpeg"
          />
        </div>
        <p
          class="movie-snippet-info"
        >
          <span>
            <img
              alt="new-movie"
              class="new"
              src="new-icon.png"
            />
          </span>
          <span>
            nobody
          </span>
          <span
            class="rating"
          >
            7
          </span>
        </p>
      </div>
      <div
        class="movie-snippet-container"
      >
        <div
          class="cover-wrapper"
        >
          <img
            alt="movie-cover"
            id="p2636551330"
            src="http://localhost:5000/images/poster/p2636551330.jpeg"
          />
        </div>
        <p
          class="movie-snippet-info"
        >
          <span>
            <img
              alt="new-movie"
              class="new"
              src="new-icon.png"
            />
          </span>
          <span>
            nobody
          </span>
          <span
            class="rating"
          >
            7
          </span>
        </p>
      </div>
      <div
        class="movie-snippet-container"
      >
        <div
          class="cover-wrapper"
        >
          <img
            alt="movie-cover"
            id="p2636551330"
            src="http://localhost:5000/images/poster/p2636551330.jpeg"
          />
        </div>
        <p
          class="movie-snippet-info"
        >
          <span>
            <img
              alt="new-movie"
              class="new"
              src="new-icon.png"
            />
          </span>
          <span>
            nobody
          </span>
          <span
            class="rating"
          >
            7
          </span>
        </p>
      </div>
      <div
        class="movie-snippet-container"
      >
        <div
          class="cover-wrapper"
        >
          <img
            alt="movie-cover"
            id="p2636551330"
            src="http://localhost:5000/images/poster/p2636551330.jpeg"
          />
        </div>
        <p
          class="movie-snippet-info"
        >
          <span>
            <img
              alt="new-movie"
              class="new"
              src="new-icon.png"
            />
          </span>
          <span>
            nobody
          </span>
          <span
            class="rating"
          >
            7
          </span>
        </p>
      </div>
    </div>
  </div>
</div>
`;
