// Jest Snapshot v1, https://goo.gl/fbAQLP

exports[`Review page tests renders correctly 1`] = `
<div>
  <div
    class="review-editor-container"
  >
    <div
      class="review-editor-wrapper"
    >
      <div
        class="review-editor-snnipet"
      />
      <div
        class="review-editor-rating"
      >
        <span
          class="review-editor-rating-label"
        >
          Rating this movie:
        </span>
        <div
          class="rate-container"
        >
          <div
            class="rate-content"
          >
            <input
              name="rate"
              type="radio"
              value="1"
            />
            <input
              name="rate"
              type="radio"
              value="2"
            />
            <input
              name="rate"
              type="radio"
              value="3"
            />
            <input
              name="rate"
              type="radio"
              value="4"
            />
            <input
              name="rate"
              type="radio"
              value="5"
            />
          </div>
        </div>
      </div>
      <div
        class="review-editor-form"
      >
        <div
          class="review-editor-title"
        >
          <input
            class="editor-input-title"
            id="title"
            name="title"
            placeholder="Type Title"
            type="text"
            value=""
          />
        </div>
        <div
          class="review-editor-body"
        >
          <textarea
            class="editor-input-body"
            id="body"
            maxlength="300"
            name="body"
            placeholder="Type review..."
            type="text"
          />
        </div>
        <div
          class="review-extra"
        >
          <div
            class="review-extra-tag"
          >
            <label
              for="tag"
            >
              Tag this movie: 
            </label>
            <input
              id="tag"
              name="tag"
            />
          </div>
          <div
            class="review-extra-feel"
          >
            <label
              for="tag"
            >
              Share your feel:
            </label>
            <input
              id="feel"
              name="feel"
            />
          </div>
          <div
            class="review-extra-recommend"
          >
            <label
              for="recommend"
            >
              Would you recommend it to your friend?
            </label>
            <select
              id="recommend"
              name="recommend"
            >
              <option
                value="yes"
              >
                YES
              </option>
              <option
                value="no"
              >
                NO
              </option>
            </select>
          </div>
          <div
            class="review-extra-place"
          >
            <label
              for="place"
            >
              Where watch this?
            </label>
            <select
              id="place"
              name="place"
            >
              <option
                value="cinema"
              >
                CINEMA
              </option>
              <option
                value="home"
              >
                HOME
              </option>
              <option
                value="school"
              >
                SCHOOL
              </option>
            </select>
          </div>
        </div>
      </div>
      <button
        class="review-editor-submit"
      >
        SUBMIT
      </button>
    </div>
  </div>
</div>
`;
